90
119
88
86
82
86
84
90
99
82
101
86
86
82
84
121
84
86
84
84
83
85
83
85
82
84
82
84
136
82
86
86
81
98
83
90
86
88
86
83
88
89
87
82
86
84
87
111
84
84
103
85
85
133
85
84
118
85
88
93
103
263
98
93
90
119
94
99
89
110
88
92
86
86
87
89
158
86
92
95
90
88
88
90
88
92
93
85
88
90
98
97
88
97
88
103
102
87
103
92
82
83
125
82
90
79
82
81
87
92
86
128
104
106
108
94
88
94
90
199
133
102
150
87
88
89
84
81
86
85
84
86
130
85
91
101
81
106
142
84
85
95
87
83
86
86
89
84
85
147
103
84
97
88
87
87
95
83
84
85
89
86
86
85
98
83
88
84
91
86
86
84
86
88
91
87
124
83
93
101
83
88
85
86
87
88
94
98
87
90
84
93
85
88
108
91
86
88
91
86
96
98
170
166
161
178
172
154
157
191
167
110
110
117
177
120
116
116
117
118
117
123
115
139
116
116
117
117
110
111
114
137
111
109
109
120
118
108
113
110
111
111
272
107
251
110
113
108
146
257
110
109
106
109
108
111
105
107
109
110
158
115
163
196
113
207
117
111
124
134
111
117
120
125
212
109
113
154
109
106
114
119
113
109
104
105
107
112
108
88
134
107
179
102
92
104
93
87
134
86
106
107
106
90
126
83
82
88
140
105
108
84
93
87
94
97
89
85
102
85
85
85
83
81
87
95
89
93
105
90
98
91
111
99
94
89
98
91
88
116
88
89
93
86
83
88
97
95
103
101
84
90
82
97
86
86
84
86
82
89
